// Jest Snapshot v1, https://goo.gl/fbAQLP

exports[`Pruebas primera app react debe mostrar titulo enzime  1`] = `
<Fragment>
  <h1>
     
    hola joaco123
     
  </h1>
  <p>
    Soy un subtitulo
  </p>
</Fragment>
`;
